DRDA	38	6691	1

	1	TCP 192.168.106.1:4847 <-> 192.168.106.128:50000 [proto: 227/DRDA][cat: Database/11][20 pkts/3169 bytes <-> 18 pkts/3522 bytes]
