Dropbox	848	90532	15

	1	UDP 192.168.56.1:50318 <-> 192.168.56.101:17500 [proto: 121/Dropbox][cat: Cloud/13][100 pkts/13960 bytes <-> 100 pkts/6260 bytes]
	2	UDP 192.168.56.1:50312 <-> 192.168.56.101:17500 [proto: 121/Dropbox][cat: Cloud/13][100 pkts/13947 bytes <-> 100 pkts/6247 bytes]
	3	UDP 192.168.56.1:50319 <-> 192.168.56.101:17500 [proto: 121/Dropbox][cat: Cloud/13][100 pkts/13921 bytes <-> 100 pkts/6221 bytes]
	4	UDP 192.168.56.1:50311 <-> 192.168.56.101:17500 [proto: 121/Dropbox][cat: Cloud/13][100 pkts/13910 bytes <-> 100 pkts/6210 bytes]
	5	UDP 192.168.1.105:17500 -> 192.168.1.255:17500 [proto: 121/Dropbox][cat: Cloud/13][6 pkts/1422 bytes -> 0 pkts/0 bytes]
	6	UDP 192.168.1.105:17500 -> 255.255.255.255:17500 [proto: 121/Dropbox][cat: Cloud/13][6 pkts/1422 bytes -> 0 pkts/0 bytes]
	7	UDP 192.168.1.105:36173 <-> 192.168.1.254:53 [proto: 5.121/DNS.Dropbox][cat: Cloud/13][4 pkts/312 bytes <-> 4 pkts/1078 bytes][Host: log.getdropbox.com]
	8	UDP 192.168.1.105:55407 <-> 192.168.1.254:53 [proto: 5.121/DNS.Dropbox][cat: Cloud/13][2 pkts/156 bytes <-> 2 pkts/666 bytes][Host: client.dropbox.com]
	9	UDP 192.168.1.105:50789 <-> 192.168.1.254:53 [proto: 5.121/DNS.Dropbox][cat: Cloud/13][2 pkts/146 bytes <-> 2 pkts/646 bytes][Host: d.dropbox.com]
	10	UDP 192.168.1.105:49112 <-> 192.168.1.254:53 [proto: 5.121/DNS.Dropbox][cat: Cloud/13][2 pkts/162 bytes <-> 2 pkts/612 bytes][Host: client-cf.dropbox.com]
	11	UDP 192.168.1.105:33189 <-> 192.168.1.254:53 [proto: 5.121/DNS.Dropbox][cat: Cloud/13][2 pkts/156 bytes <-> 2 pkts/588 bytes][Host: notify.dropbox.com]
	12	UDP 192.168.1.6:17500 -> 192.168.1.255:17500 [proto: 121/Dropbox][cat: Cloud/13][3 pkts/630 bytes -> 0 pkts/0 bytes]
	13	UDP 192.168.1.6:17500 -> 255.255.255.255:17500 [proto: 121/Dropbox][cat: Cloud/13][3 pkts/630 bytes -> 0 pkts/0 bytes]
	14	UDP 192.168.1.64:17500 -> 192.168.1.255:17500 [proto: 121/Dropbox][cat: Cloud/13][3 pkts/615 bytes -> 0 pkts/0 bytes]
	15	UDP 192.168.1.64:17500 -> 255.255.255.255:17500 [proto: 121/Dropbox][cat: Cloud/13][3 pkts/615 bytes -> 0 pkts/0 bytes]
