Google	28	9108	1

	1	TCP 172.31.3.224:42835 <-> 216.58.212.100:443 [proto: 91.126/SSL.Google][cat: Web/5][16 pkts/1512 bytes <-> 12 pkts/7596 bytes][TLSv1][server: www.google.com][JA3S: 7252ecc446aba4a3e474793ae320609a (INSECURE)][TLS_RSA_WITH_RC4_128_SHA]
