ntop	80	36401	4
SSL	26	3245	7
Facebook	22	10202	2
Google	62	15977	1
QUIC	3	502	1

	1	UDP [2a00:d40:1:3:7aac:c0ff:fea7:d4c]:45931 <-> [2a00:1450:4001:803::1017]:443 [proto: 188.126/QUIC.Google][cat: Web/5][33 pkts/7741 bytes <-> 29 pkts/8236 bytes][Host: www.google.it]
	2	TCP [2a00:d40:1:3:7aac:c0ff:fea7:d4c]:37506 <-> [2a03:b0c0:3:d0::70:1001]:443 [proto: 91.26/SSL.ntop][cat: Network/14][14 pkts/3969 bytes <-> 12 pkts/11648 bytes][TLSv1][JA3C: d3e627f423a33ea41841c19b8af79293]
	3	TCP [2a00:d40:1:3:7aac:c0ff:fea7:d4c]:37486 <-> [2a03:b0c0:3:d0::70:1001]:443 [proto: 91.26/SSL.ntop][cat: Network/14][11 pkts/1292 bytes <-> 8 pkts/5722 bytes][TLSv1][JA3C: d3e627f423a33ea41841c19b8af79293]
	4	TCP [2a00:d40:1:3:7aac:c0ff:fea7:d4c]:37494 <-> [2a03:b0c0:3:d0::70:1001]:443 [proto: 91.26/SSL.ntop][cat: Network/14][10 pkts/1206 bytes <-> 8 pkts/5722 bytes][TLSv1][JA3C: d3e627f423a33ea41841c19b8af79293]
	5	TCP [2a00:d40:1:3:7aac:c0ff:fea7:d4c]:37488 <-> [2a03:b0c0:3:d0::70:1001]:443 [proto: 91.26/SSL.ntop][cat: Network/14][10 pkts/1206 bytes <-> 7 pkts/5636 bytes][TLSv1][JA3C: d3e627f423a33ea41841c19b8af79293]
	6	TCP [2a00:d40:1:3:7aac:c0ff:fea7:d4c]:53132 <-> [2a02:26f0:ad:197::236]:443 [proto: 91.119/SSL.Facebook][cat: SocialNetwork/6][7 pkts/960 bytes <-> 5 pkts/4227 bytes][TLSv1][JA3C: d3e627f423a33ea41841c19b8af79293]
	7	TCP [2a00:d40:1:3:7aac:c0ff:fea7:d4c]:53134 <-> [2a02:26f0:ad:197::236]:443 [proto: 91.119/SSL.Facebook][cat: SocialNetwork/6][6 pkts/874 bytes <-> 4 pkts/4141 bytes][TLSv1][JA3C: d3e627f423a33ea41841c19b8af79293]
	8	TCP [2a00:d40:1:3:7aac:c0ff:fea7:d4c]:41776 <-> [2a00:1450:4001:803::1017]:443 [proto: 91/SSL][cat: Web/5][7 pkts/860 bytes <-> 7 pkts/1353 bytes]
	9	UDP [2a00:d40:1:3:7aac:c0ff:fea7:d4c]:55145 <-> [2a00:1450:400b:c02::5f]:443 [proto: 188/QUIC][cat: Web/5][2 pkts/359 bytes <-> 1 pkts/143 bytes]
	10	TCP [2a00:d40:1:3:7aac:c0ff:fea7:d4c]:33062 <-> [2a00:1450:400b:c02::9a]:443 [proto: 91/SSL][cat: Web/5][1 pkts/86 bytes <-> 1 pkts/86 bytes]
	11	TCP [2a00:d40:1:3:7aac:c0ff:fea7:d4c]:40308 <-> [2a03:2880:1010:3f20:face:b00c::25de]:443 [proto: 91/SSL][cat: Web/5][1 pkts/86 bytes <-> 1 pkts/86 bytes]
	12	TCP [2a00:d40:1:3:7aac:c0ff:fea7:d4c]:40526 <-> [2a00:1450:4006:804::200e]:443 [proto: 91/SSL][cat: Web/5][1 pkts/86 bytes <-> 1 pkts/86 bytes]
	13	TCP [2a00:d40:1:3:7aac:c0ff:fea7:d4c]:58660 <-> [2a00:1450:4006:803::2008]:443 [proto: 91/SSL][cat: Web/5][1 pkts/86 bytes <-> 1 pkts/86 bytes]
	14	TCP [2a00:d40:1:3:7aac:c0ff:fea7:d4c]:59690 <-> [2a00:1450:4001:803::1012]:443 [proto: 91/SSL][cat: Web/5][1 pkts/86 bytes <-> 1 pkts/86 bytes]
	15	TCP [2a00:d40:1:3:7aac:c0ff:fea7:d4c]:60124 <-> [2a02:26f0:ad:1a1::eed]:443 [proto: 91/SSL][cat: Web/5][1 pkts/86 bytes <-> 1 pkts/86 bytes]
