Modbus	102	6681	1

	1	TCP 192.168.110.131:2074 <-> 192.168.110.138:502 [proto: 44/Modbus][cat: Network/14][51 pkts/3366 bytes <-> 51 pkts/3315 bytes]
