DNS	4	386	2
SSDP	16	2648	1
IGMP	1	60	1
NetFlix	6976	6151821	56
Amazon	2	126	1

	1	TCP 192.168.1.7:53217 <-> 23.246.11.141:80 [proto: 7.133/HTTP.NetFlix][cat: Video/26][667 pkts/50462 bytes <-> 1205 pkts/1807875 bytes][Host: 23.246.11.141]
	2	TCP 192.168.1.7:53183 <-> 23.246.3.140:80 [proto: 7.133/HTTP.NetFlix][cat: Video/26][502 pkts/40335 bytes <-> 805 pkts/1202445 bytes][Host: 23.246.3.140]
	3	TCP 192.168.1.7:53210 <-> 23.246.11.133:80 [proto: 7.133/HTTP.NetFlix][cat: Video/26][293 pkts/23170 bytes <-> 495 pkts/736113 bytes][Host: 23.246.11.133]
	4	TCP 192.168.1.7:53153 <-> 184.25.204.24:80 [proto: 7.133/HTTP.NetFlix][cat: Video/26][147 pkts/11558 bytes <-> 490 pkts/734346 bytes][Host: tp.akam.nflximg.com]
	5	TCP 192.168.1.7:53141 <-> 104.86.97.179:443 [proto: 91.133/SSL.NetFlix][cat: Video/26][83 pkts/7225 bytes <-> 147 pkts/202723 bytes][TLSv1][JA3C: c07cb55f88702033a8f52c046d23e0b2]
	6	TCP 192.168.1.7:53184 <-> 23.246.11.141:80 [proto: 7.133/HTTP.NetFlix][cat: Video/26][75 pkts/6610 bytes <-> 103 pkts/150772 bytes][Host: 23.246.11.141]
	7	TCP 192.168.1.7:53149 <-> 184.25.204.25:80 [proto: 7.133/HTTP.NetFlix][cat: Video/26][40 pkts/3413 bytes <-> 86 pkts/125190 bytes][Host: art-2.nflximg.net]
	8	TCP 192.168.1.7:53116 <-> 52.32.196.36:443 [proto: 91.133/SSL.NetFlix][cat: Video/26][75 pkts/31024 bytes <-> 73 pkts/42930 bytes][TLSv1][JA3C: c07cb55f88702033a8f52c046d23e0b2]
	9	TCP 192.168.1.7:53193 <-> 54.191.17.51:443 [proto: 91.133/SSL.NetFlix][cat: Video/26][46 pkts/50218 bytes <-> 25 pkts/7943 bytes][TLSv1][JA3C: dc67ac8aaf8d7f69ecd6598135448f24]
	10	TCP 192.168.1.7:53164 <-> 23.246.10.139:80 [proto: 7.133/HTTP.NetFlix][cat: Video/26][24 pkts/2040 bytes <-> 34 pkts/45136 bytes]
	11	TCP 192.168.1.7:53171 <-> 23.246.3.140:80 [proto: 7.133/HTTP.NetFlix][cat: Video/26][21 pkts/1868 bytes <-> 34 pkts/45139 bytes]
	12	TCP 192.168.1.7:53148 <-> 184.25.204.25:80 [proto: 7.133/HTTP.NetFlix][cat: Video/26][31 pkts/2893 bytes <-> 32 pkts/44112 bytes][Host: art-2.nflximg.net]
	13	TCP 192.168.1.7:53163 <-> 23.246.11.145:80 [proto: 7.133/HTTP.NetFlix][cat: Video/26][21 pkts/1826 bytes <-> 32 pkts/43179 bytes]
	14	TCP 192.168.1.7:53133 <-> 52.89.39.139:443 [proto: 91.133/SSL.NetFlix][cat: Video/26][30 pkts/6328 bytes <-> 39 pkts/37610 bytes][TLSv1][JA3C: 7e72698146290dd68239f788a452e7d8]
	15	TCP 192.168.1.7:53252 <-> 184.25.204.10:80 [proto: 7.133/HTTP.NetFlix][cat: Video/26][12 pkts/1221 bytes <-> 29 pkts/41018 bytes][Host: art-1.nflximg.net]
	16	TCP 192.168.1.7:53179 <-> 23.246.11.141:80 [proto: 7.133/HTTP.NetFlix][cat: Video/26][31 pkts/2596 bytes <-> 29 pkts/37544 bytes]
	17	TCP 192.168.1.7:53251 <-> 184.25.204.10:80 [proto: 7.133/HTTP.NetFlix][cat: Video/26][16 pkts/1558 bytes <-> 25 pkts/33413 bytes][Host: art-1.nflximg.net]
	18	TCP 192.168.1.7:53151 <-> 54.201.191.132:80 [proto: 7.133/HTTP.NetFlix][cat: Video/26][15 pkts/3626 bytes <-> 26 pkts/29544 bytes][Host: appboot.netflix.com]
	19	TCP 192.168.1.7:53182 <-> 23.246.11.141:80 [proto: 7.133/HTTP.NetFlix][cat: Video/26][33 pkts/2732 bytes <-> 25 pkts/30064 bytes]
	20	TCP 192.168.1.7:53173 <-> 23.246.11.133:80 [proto: 7.133/HTTP.NetFlix][cat: Video/26][24 pkts/2041 bytes <-> 25 pkts/30064 bytes]
	21	TCP 192.168.1.7:53175 <-> 23.246.11.141:80 [proto: 7.133/HTTP.NetFlix][cat: Video/26][31 pkts/2571 bytes <-> 22 pkts/28042 bytes]
	22	TCP 192.168.1.7:53239 <-> 52.41.30.5:443 [proto: 91.133/SSL.NetFlix][cat: Video/26][22 pkts/6384 bytes <-> 26 pkts/23277 bytes][TLSv1][JA3C: d8bfad189bd26664e04570c104ee8418]
	23	TCP 192.168.1.7:53177 <-> 23.246.11.141:80 [proto: 7.133/HTTP.NetFlix][cat: Video/26][32 pkts/2572 bytes <-> 23 pkts/26661 bytes]
	24	TCP 192.168.1.7:53176 <-> 23.246.11.141:80 [proto: 7.133/HTTP.NetFlix][cat: Video/26][36 pkts/3030 bytes <-> 21 pkts/25455 bytes]
	25	TCP 192.168.1.7:53180 <-> 23.246.11.141:80 [proto: 7.133/HTTP.NetFlix][cat: Video/26][34 pkts/2864 bytes <-> 21 pkts/25456 bytes]
	26	TCP 192.168.1.7:53178 <-> 23.246.11.141:80 [proto: 7.133/HTTP.NetFlix][cat: Video/26][30 pkts/2553 bytes <-> 22 pkts/25510 bytes]
	27	TCP 192.168.1.7:53203 <-> 52.37.36.252:443 [proto: 91.133/SSL.NetFlix][cat: Video/26][28 pkts/22704 bytes <-> 17 pkts/5248 bytes][TLSv1][JA3C: c07cb55f88702033a8f52c046d23e0b2]
	28	TCP 192.168.1.7:53249 <-> 52.41.30.5:443 [proto: 91.133/SSL.NetFlix][cat: Video/26][25 pkts/5934 bytes <-> 27 pkts/19952 bytes][TLSv1][JA3C: 7e72698146290dd68239f788a452e7d8]
	29	TCP 192.168.1.7:53174 <-> 23.246.11.141:80 [proto: 7.133/HTTP.NetFlix][cat: Video/26][35 pkts/2920 bytes <-> 19 pkts/22428 bytes]
	30	TCP 192.168.1.7:53181 <-> 23.246.11.141:80 [proto: 7.133/HTTP.NetFlix][cat: Video/26][34 pkts/2879 bytes <-> 20 pkts/22373 bytes]
	31	TCP 192.168.1.7:53172 <-> 23.246.11.133:80 [proto: 7.133/HTTP.NetFlix][cat: Video/26][30 pkts/2610 bytes <-> 20 pkts/22422 bytes]
	32	TCP 192.168.1.7:53202 <-> 54.191.17.51:443 [proto: 91.133/SSL.NetFlix][cat: Video/26][22 pkts/10686 bytes <-> 16 pkts/7850 bytes][TLSv1][JA3C: dc67ac8aaf8d7f69ecd6598135448f24]
	33	TCP 192.168.1.7:53152 <-> 52.89.39.139:80 [proto: 7.133/HTTP.NetFlix][cat: Video/26][14 pkts/10001 bytes <-> 13 pkts/6504 bytes][Host: api-global.netflix.com]
	34	TCP 192.168.1.7:53162 <-> 54.191.17.51:443 [proto: 91.133/SSL.NetFlix][cat: Video/26][18 pkts/5661 bytes <-> 13 pkts/9059 bytes][TLSv1][JA3C: dc67ac8aaf8d7f69ecd6598135448f24]
	35	TCP 192.168.1.7:53132 <-> 52.89.39.139:443 [proto: 91.133/SSL.NetFlix][cat: Video/26][22 pkts/6028 bytes <-> 18 pkts/7459 bytes][TLSv1][JA3C: 7e72698146290dd68239f788a452e7d8]
	36	TCP 192.168.1.7:53150 <-> 184.25.204.25:80 [proto: 7.133/HTTP.NetFlix][cat: Video/26][10 pkts/941 bytes <-> 11 pkts/12318 bytes][Host: art-2.nflximg.net]
	37	TCP 192.168.1.7:53119 <-> 54.69.204.241:443 [proto: 91.133/SSL.NetFlix][cat: Video/26][20 pkts/7639 bytes <-> 16 pkts/5235 bytes][TLSv1][JA3C: c07cb55f88702033a8f52c046d23e0b2]
	38	TCP 192.168.1.7:53118 <-> 54.69.204.241:443 [proto: 91.133/SSL.NetFlix][cat: Video/26][19 pkts/7588 bytes <-> 15 pkts/5140 bytes][TLSv1][JA3C: c07cb55f88702033a8f52c046d23e0b2]
	39	TCP 192.168.1.7:53238 <-> 52.32.22.214:443 [proto: 91.133/SSL.NetFlix][cat: Video/26][17 pkts/5528 bytes <-> 14 pkts/5406 bytes][TLSv1][JA3C: dc67ac8aaf8d7f69ecd6598135448f24]
	40	TCP 192.168.1.7:53248 <-> 52.32.22.214:443 [proto: 91.133/SSL.NetFlix][cat: Video/26][12 pkts/5165 bytes <-> 10 pkts/5074 bytes][TLSv1][JA3C: dc67ac8aaf8d7f69ecd6598135448f24]
	41	TCP 192.168.1.7:53105 <-> 54.69.204.241:443 [proto: 91.133/SSL.NetFlix][cat: Video/26][21 pkts/3051 bytes <-> 16 pkts/6234 bytes][TLSv1][JA3C: c07cb55f88702033a8f52c046d23e0b2]
	42	TCP 192.168.1.7:53114 <-> 54.191.17.51:443 [proto: 91.133/SSL.NetFlix][cat: Video/26][14 pkts/3109 bytes <-> 11 pkts/5119 bytes][TLSv1][JA3C: dc67ac8aaf8d7f69ecd6598135448f24]
	43	TCP 192.168.1.7:53134 <-> 52.89.39.139:443 [proto: 91.133/SSL.NetFlix][cat: Video/26][14 pkts/3548 bytes <-> 11 pkts/4653 bytes][TLSv1][JA3C: 7e72698146290dd68239f788a452e7d8]
	44	TCP 192.168.1.7:53115 <-> 52.32.196.36:443 [proto: 91.133/SSL.NetFlix][cat: Video/26][16 pkts/1657 bytes <-> 12 pkts/5005 bytes][TLSv1][JA3C: c07cb55f88702033a8f52c046d23e0b2]
	45	TCP 192.168.1.7:53250 <-> 52.41.30.5:443 [proto: 91.133/SSL.NetFlix][cat: Video/26][10 pkts/2830 bytes <-> 7 pkts/2484 bytes][TLSv1][JA3C: 7e72698146290dd68239f788a452e7d8]
	46	TCP 192.168.1.7:53117 <-> 52.32.196.36:443 [proto: 91.133/SSL.NetFlix][cat: Video/26][12 pkts/1294 bytes <-> 8 pkts/1723 bytes][TLSv1][JA3C: 7e72698146290dd68239f788a452e7d8]
	47	UDP 192.168.1.7:53776 -> 239.255.255.250:1900 [proto: 12/SSDP][cat: System/18][16 pkts/2648 bytes -> 0 pkts/0 bytes]
	48	UDP 192.168.1.7:51543 <-> 192.168.1.1:53 [proto: 5.133/DNS.NetFlix][cat: Video/26][2 pkts/160 bytes <-> 2 pkts/646 bytes][Host: ios.nccp.netflix.com]
	49	UDP 192.168.1.7:51622 <-> 192.168.1.1:53 [proto: 5.133/DNS.NetFlix][cat: Video/26][2 pkts/160 bytes <-> 2 pkts/646 bytes][Host: ios.nccp.netflix.com]
	50	UDP 192.168.1.7:52347 <-> 192.168.1.1:53 [proto: 5.133/DNS.NetFlix][cat: Video/26][1 pkts/80 bytes <-> 1 pkts/371 bytes][Host: ios.nccp.netflix.com]
	51	UDP 192.168.1.7:60962 <-> 192.168.1.1:53 [proto: 5.133/DNS.NetFlix][cat: Video/26][1 pkts/83 bytes <-> 1 pkts/248 bytes][Host: ichnaea.geo.netflix.com]
	52	UDP 192.168.1.7:51949 <-> 192.168.1.1:53 [proto: 5.133/DNS.NetFlix][cat: Video/26][1 pkts/97 bytes <-> 1 pkts/225 bytes][Host: api-global.latency.prodaa.netflix.com]
	53	UDP 192.168.1.7:52095 <-> 192.168.1.1:53 [proto: 5.133/DNS.NetFlix][cat: Video/26][1 pkts/97 bytes <-> 1 pkts/225 bytes][Host: api-global.latency.prodaa.netflix.com]
	54	UDP 192.168.1.7:52116 <-> 192.168.1.1:53 [proto: 5.133/DNS.NetFlix][cat: Video/26][1 pkts/96 bytes <-> 1 pkts/224 bytes][Host: ichnaea.us-west-2.prodaa.netflix.com]
	55	UDP 192.168.1.7:58102 <-> 192.168.1.1:53 [proto: 5.133/DNS.NetFlix][cat: Video/26][1 pkts/79 bytes <-> 1 pkts/192 bytes][Host: appboot.netflix.com]
	56	UDP 192.168.1.7:59180 <-> 192.168.1.1:53 [proto: 5.133/DNS.NetFlix][cat: Video/26][1 pkts/84 bytes <-> 1 pkts/148 bytes][Host: artwork.akam.nflximg.net]
	57	UDP 192.168.1.7:57719 <-> 192.168.1.1:53 [proto: 5.133/DNS.NetFlix][cat: Video/26][1 pkts/85 bytes <-> 1 pkts/137 bytes][Host: sha2.san.akam.nflximg.net]
	58	UDP 192.168.1.7:57093 <-> 192.168.1.1:53 [proto: 5/DNS][cat: Network/14][1 pkts/81 bytes <-> 1 pkts/113 bytes][Host: a1907.dscg.akamai.net]
	59	UDP 192.168.1.7:51728 <-> 192.168.1.1:53 [proto: 5/DNS][cat: Network/14][1 pkts/80 bytes <-> 1 pkts/112 bytes][Host: a803.dscg.akamai.net]
	60	TCP 192.168.1.7:52929 -> 52.24.87.6:443 [proto: 91.178/SSL.Amazon][cat: Web/5][2 pkts/126 bytes -> 0 pkts/0 bytes]
	61	IGMP 192.168.1.7:0 -> 239.255.255.250:0 [proto: 82/IGMP][cat: Network/14][1 pkts/60 bytes -> 0 pkts/0 bytes]
