SMPP	17	1144	1

	1	TCP 10.226.202.118:1770 <-> 10.226.202.53:9000 [proto: 207/SMPP][cat: Download-FileTransfer-FileSharing/7][10 pkts/670 bytes <-> 7 pkts/474 bytes]
