SSDP	19	1197	1

	1	UDP 192.168.242.8:42253 -> 192.168.242.255:32412 [proto: 12/SSDP][cat: System/18][19 pkts/1197 bytes -> 0 pkts/0 bytes]
